// Jest Snapshot v1, https://goo.gl/fbAQLP

exports[`has various data centric helpers 1`] = `
Object {
  "AbstractTemplate": [Function],
  "TemplateHandle": Object {
    "Camel": Array [
      "nextjs",
      "empty",
      "musicStreamingService",
      "rentalsPlatform",
      "saas",
      "urlShortener",
    ],
    "Kebab": Array [
      "nextjs",
      "empty",
      "music-streaming-service",
      "rentals-platform",
      "saas",
      "url-shortener",
    ],
    "Pascal": Array [
      "Nextjs",
      "Empty",
      "MusicStreamingService",
      "RentalsPlatform",
      "Saas",
      "UrlShortener",
    ],
    "Snake": Array [
      "nextjs",
      "empty",
      "music_streaming_service",
      "rentals_platform",
      "saas",
      "url_shortener",
    ],
    "Upper": Array [
      "NEXTJS",
      "EMPTY",
      "MUSIC_STREAMING_SERVICE",
      "RENTALS_PLATFORM",
      "SAAS",
      "URL_SHORTENER",
    ],
  },
  "TemplateTag": Array [
    "Nextjs",
    "Empty",
    "MusicStreamingService",
    "RentalsPlatform",
    "Saas",
    "UrlShortener",
  ],
  "handleMap": Object {
    "EMPTY": Object {
      "camel": "empty",
      "kebab": "empty",
      "pascal": "Empty",
      "snake": "empty",
      "upper": "EMPTY",
    },
    "Empty": Object {
      "camel": "empty",
      "kebab": "empty",
      "pascal": "Empty",
      "snake": "empty",
      "upper": "EMPTY",
    },
    "MUSIC_STREAMING_SERVICE": Object {
      "camel": "musicStreamingService",
      "kebab": "music-streaming-service",
      "pascal": "MusicStreamingService",
      "snake": "music_streaming_service",
      "upper": "MUSIC_STREAMING_SERVICE",
    },
    "MusicStreamingService": Object {
      "camel": "musicStreamingService",
      "kebab": "music-streaming-service",
      "pascal": "MusicStreamingService",
      "snake": "music_streaming_service",
      "upper": "MUSIC_STREAMING_SERVICE",
    },
    "NEXTJS": Object {
      "camel": "nextjs",
      "kebab": "nextjs",
      "pascal": "Nextjs",
      "snake": "nextjs",
      "upper": "NEXTJS",
    },
    "Nextjs": Object {
      "camel": "nextjs",
      "kebab": "nextjs",
      "pascal": "Nextjs",
      "snake": "nextjs",
      "upper": "NEXTJS",
    },
    "RENTALS_PLATFORM": Object {
      "camel": "rentalsPlatform",
      "kebab": "rentals-platform",
      "pascal": "RentalsPlatform",
      "snake": "rentals_platform",
      "upper": "RENTALS_PLATFORM",
    },
    "RentalsPlatform": Object {
      "camel": "rentalsPlatform",
      "kebab": "rentals-platform",
      "pascal": "RentalsPlatform",
      "snake": "rentals_platform",
      "upper": "RENTALS_PLATFORM",
    },
    "SAAS": Object {
      "camel": "saas",
      "kebab": "saas",
      "pascal": "Saas",
      "snake": "saas",
      "upper": "SAAS",
    },
    "Saas": Object {
      "camel": "saas",
      "kebab": "saas",
      "pascal": "Saas",
      "snake": "saas",
      "upper": "SAAS",
    },
    "URL_SHORTENER": Object {
      "camel": "urlShortener",
      "kebab": "url-shortener",
      "pascal": "UrlShortener",
      "snake": "url_shortener",
      "upper": "URL_SHORTENER",
    },
    "UrlShortener": Object {
      "camel": "urlShortener",
      "kebab": "url-shortener",
      "pascal": "UrlShortener",
      "snake": "url_shortener",
      "upper": "URL_SHORTENER",
    },
    "empty": Object {
      "camel": "empty",
      "kebab": "empty",
      "pascal": "Empty",
      "snake": "empty",
      "upper": "EMPTY",
    },
    "music-streaming-service": Object {
      "camel": "musicStreamingService",
      "kebab": "music-streaming-service",
      "pascal": "MusicStreamingService",
      "snake": "music_streaming_service",
      "upper": "MUSIC_STREAMING_SERVICE",
    },
    "musicStreamingService": Object {
      "camel": "musicStreamingService",
      "kebab": "music-streaming-service",
      "pascal": "MusicStreamingService",
      "snake": "music_streaming_service",
      "upper": "MUSIC_STREAMING_SERVICE",
    },
    "music_streaming_service": Object {
      "camel": "musicStreamingService",
      "kebab": "music-streaming-service",
      "pascal": "MusicStreamingService",
      "snake": "music_streaming_service",
      "upper": "MUSIC_STREAMING_SERVICE",
    },
    "nextjs": Object {
      "camel": "nextjs",
      "kebab": "nextjs",
      "pascal": "Nextjs",
      "snake": "nextjs",
      "upper": "NEXTJS",
    },
    "rentals-platform": Object {
      "camel": "rentalsPlatform",
      "kebab": "rentals-platform",
      "pascal": "RentalsPlatform",
      "snake": "rentals_platform",
      "upper": "RENTALS_PLATFORM",
    },
    "rentalsPlatform": Object {
      "camel": "rentalsPlatform",
      "kebab": "rentals-platform",
      "pascal": "RentalsPlatform",
      "snake": "rentals_platform",
      "upper": "RENTALS_PLATFORM",
    },
    "rentals_platform": Object {
      "camel": "rentalsPlatform",
      "kebab": "rentals-platform",
      "pascal": "RentalsPlatform",
      "snake": "rentals_platform",
      "upper": "RENTALS_PLATFORM",
    },
    "saas": Object {
      "camel": "saas",
      "kebab": "saas",
      "pascal": "Saas",
      "snake": "saas",
      "upper": "SAAS",
    },
    "url-shortener": Object {
      "camel": "urlShortener",
      "kebab": "url-shortener",
      "pascal": "UrlShortener",
      "snake": "url_shortener",
      "upper": "URL_SHORTENER",
    },
    "urlShortener": Object {
      "camel": "urlShortener",
      "kebab": "url-shortener",
      "pascal": "UrlShortener",
      "snake": "url_shortener",
      "upper": "URL_SHORTENER",
    },
    "url_shortener": Object {
      "camel": "urlShortener",
      "kebab": "url-shortener",
      "pascal": "UrlShortener",
      "snake": "url_shortener",
      "upper": "URL_SHORTENER",
    },
  },
}
`;
