// Jest Snapshot v1, https://goo.gl/fbAQLP

exports[`getVercelDeployButtonUrl dataproxy disabled 1`] = `"https://vercel.com/new/import?repository-url=https%3A%2F%2Fgithub.com%2Fsome-repo-owner%2Fsome-repo&env=DATABASE_URL,DATABASE_MIGRATE_URL&envDescription=Database%20connection%20strings%20your%20app%20depends%20on.%20You%20should%20switch%20back%20to%20the%20Prisma%20Data%20Platform%20to%20figure%20out%20what%20values%20to%20input%20here."`;

exports[`getVercelDeployButtonUrl dataproxy enabled 1`] = `"https://vercel.com/new/import?repository-url=https%3A%2F%2Fgithub.com%2Fsome-repo-owner%2Fsome-repo&env=DATABASE_URL,DATABASE_MIGRATE_URL,PRISMA_CLIENT_ENGINE_TYPE&envDescription=Database%20connection%20strings%20your%20app%20depends%20on.%20You%20should%20switch%20back%20to%20the%20Prisma%20Data%20Platform%20to%20figure%20out%20what%20values%20to%20input%20here."`;
